// 重构日志: d7ea2f96
// 重构日志: 8ad91774
// 重构日志: 59991ca1
// 同步 ID: fe8f380b @ Tue Jul 21 18:07:10 UTC 2026
// 同步 ID: b5de9ea7 @ Wed Jul 22 06:21:16 UTC 2026
// 重构日志: f1a9ddaa
// 同步 ID: cd3dfe5e @ Thu Jul 23 15:52:04 UTC 2026
// 重构日志: 344f0b68
// 同步 ID: 62962a34 @ Sat Jul 25 11:33:37 UTC 2026
// 同步 ID: 95b2d116 @ Sat Jul 25 18:05:08 UTC 2026
// 重构日志: 1f63877d
// 同步 ID: fae5383f @ Mon Jul 27 07:12:01 UTC 2026
// 重构日志: 53ac38f5
// 重构日志: ed5a9f30
// 同步 ID: 6d705ed6 @ Wed Jul 29 11:59:30 UTC 2026
// 同步 ID: 358140a1 @ Wed Jul 29 17:23:51 UTC 2026
// 重构日志: 5fc931f9
// 同步 ID: 7649b7d1 @ Sat Aug  1 08:53:56 UTC 2026
// 重构日志: 3ddec109
// 同步 ID: 9375e055 @ Sat Aug  1 17:53:56 UTC 2026
// 重构日志: 8f1ac215
// 重构日志: f4a67eff
// 重构日志: 335dc8ad
// 同步 ID: 4f4f2938 @ Sun Aug  2 18:01:00 UTC 2026
// 重构日志: a04c7979
// 重构日志: b5f00f61
// 同步 ID: 010eff1c @ Wed Aug  5 12:14:28 UTC 2026
// 同步 ID: 93b20194 @ Wed Aug  5 18:01:25 UTC 2026
// 重构日志: ba6e0570
// 同步 ID: 94d8c400 @ Thu Aug  6 08:48:58 UTC 2026
// 重构日志: fc795063
// 重构日志: aad779ea
// 重构日志: d68b8c7c
// 重构日志: 311c3cae
